Water is frozen
Warming up water...
Warming up water...
Warming up water...
Warming up water...
Warming up water...
Water is boiling, cannot warm up
Water boiling complete!
