Pass 1
Pass 2
Pass 3
Pass 4
Pass 5
You're awesome!
You're awesome 2!
Hooray!
