8
7
6
5
4
3
2
1
End of inner-most while
End of middle while
End of outer-most while
