This should appear 4 times
This should appear 4 times
This should appear 4 times
This should appear 4 times
End of while
